// Jest Snapshot v1, https://goo.gl/fbAQLP

exports[`Customer Details Page Test should render Customer Details page 1`] = `
Array [
  <div
    className=""
  >
    <div
      className=""
    >
      <DisplayXSmall>
        Customer Profile
      </DisplayXSmall>
      <FormControl
        caption={null}
        disabled={false}
        label={[Function]}
        overrides={Object {}}
      >
        <Input
          autoComplete="on"
          autoFocus={false}
          clearable={false}
          disabled={false}
          endEnhancer={null}
          name=""
          onBlur={[Function]}
          onChange={[Function]}
          onFocus={[Function]}
          overrides={Object {}}
          required={true}
          size="default"
          startEnhancer={null}
          type="text"
          value=""
        />
      </FormControl>
      <FormControl
        caption={null}
        disabled={false}
        label={[Function]}
        overrides={Object {}}
      >
        <Input
          autoComplete="on"
          autoFocus={false}
          clearable={false}
          disabled={false}
          endEnhancer={null}
          name=""
          onBlur={[Function]}
          onChange={[Function]}
          onFocus={[Function]}
          overrides={Object {}}
          required={false}
          size="default"
          startEnhancer={null}
          type="text"
          value=""
        />
      </FormControl>
      <FormControl
        caption="Tell us something about you"
        disabled={false}
        label="About You"
        overrides={Object {}}
      >
        <Textarea
          autoFocus={false}
          disabled={false}
          error={false}
          name=""
          onBlur={[Function]}
          onChange={[Function]}
          onFocus={[Function]}
          onKeyDown={[Function]}
          onKeyPress={[Function]}
          onKeyUp={[Function]}
          overrides={Object {}}
          placeholder=""
          required={false}
          rows={3}
          size="default"
          value=""
        />
      </FormControl>
      <FormControl
        caption={null}
        disabled={false}
        label="Type to search city"
        overrides={Object {}}
      >
        <Select
          labelKey="id"
          onChange={[Function]}
          options={
            Array [
              Object {
                "city": "San Jose",
                "id": "San Jose",
              },
              Object {
                "city": "Berkely",
                "id": "Berkely",
              },
              Object {
                "city": "Los Angeles",
                "id": "Los Angeles",
              },
              Object {
                "city": "San Diego",
                "id": "San Diego",
              },
              Object {
                "city": "San Francisco",
                "id": "San Francisco",
              },
              Object {
                "city": "Fresno",
                "id": "Fresno",
              },
              Object {
                "city": "Sacremento",
                "id": "Sacremento",
              },
            ]
          }
          required={true}
          value={Array []}
          valueKey="city"
        />
      </FormControl>
      <FormControl
        caption={null}
        disabled={false}
        label="Type to search state"
        overrides={Object {}}
      >
        <Select
          labelKey="id"
          onChange={[Function]}
          options={
            Array [
              Object {
                "id": "California",
                "state": "California",
              },
              Object {
                "id": "Arizona",
                "state": "Arizona",
              },
              Object {
                "id": "Colorado",
                "state": "Colorado",
              },
            ]
          }
          required={true}
          value={Array []}
          valueKey="state"
        />
      </FormControl>
      <FormControl
        caption={null}
        disabled={false}
        label="Type to search country"
        overrides={Object {}}
      >
        <Select
          labelKey="id"
          onChange={[Function]}
          options={
            Array [
              Object {
                "country": "United States",
                "id": "United States",
              },
            ]
          }
          required={true}
          value={Array []}
          valueKey="country"
        />
      </FormControl>
      <FormControl
        caption={null}
        disabled={false}
        label={[Function]}
        overrides={Object {}}
      >
        <MaskedInput
          mask="(999) 999-9999"
          maskChar=" "
          onChange={[Function]}
          placeholder="Phone number"
          value=""
        />
      </FormControl>
      <Button
        $style={
          Object {
            "alignSelf": "baseline",
            "width": "30%",
          }
        }
        onClick={[Function]}
        size="large"
        type="submit"
      >
        Save
      </Button>
    </div>
    <div
      className=""
    >
      <FileUploader
        disableClick={true}
        onCancel={[Function]}
        onDrop={[Function]}
        overrides={Object {}}
        progressMessage=""
      />
    </div>
  </div>,
]
`;
